Microchip MPLAB XC8 Compiler V2.46

Linker command line:

-W-3 \
  --edf=C:\Program Files\Microchip\xc8\v2.46\pic\dat\20240104201356_en.msgs \
  -cn -h+dist/default/production\TY1475_HIGH_TX_V06.X.production.sym \
  --cmf=dist/default/production\TY1475_HIGH_TX_V06.X.production.cmf -z \
  -Q16F1936 -oC:\Users\t00904\AppData\Local\Temp\xcBshdc.1\driver_tmp_3.o \
  --defsym=__MPLAB_BUILD=1 --fixupoverflow=error \
  -Mdist/default/production/TY1475_HIGH_TX_V06.X.production.map \
  --md=C:\Users\t00904\AppData\Local\Temp\xcBshdc.1\driver_tmp_0.dat -E1 \
  -ver=XC8 Compiler --acfsm=1493 -ACODE=00h-07FFhx4 -ASTRCODE=00h-01FFFh \
  -ASTRING=00h-0FFhx32 -ACONST=00h-0FFhx32 -AENTRY=00h-0FFhx32 \
  -ACOMMON=070h-07Fh -ABANK0=020h-06Fh -ABANK1=0A0h-0EFh \
  -ABANK2=0120h-016Fh -ABANK3=01A0h-01EFh -ABANK4=0220h-026Fh \
  -ABANK5=02A0h-02EFh -ABANK6=0320h-032Fh -ABIGRAM=02000h-021EFh \
  -ARAM=020h-06Fh,0A0h-0EFh,0120h-016Fh,01A0h-01EFh,0220h-026Fh,02A0h-02EFh,0320h-032Fh \
  -AABS1=020h-07Fh,0A0h-0EFh,0120h-016Fh,01A0h-01EFh,0220h-026Fh,02A0h-02EFh,0320h-032Fh \
  -ASFR0=00h-01Fh -ASFR1=080h-09Fh -ASFR2=0100h-011Fh -ASFR3=0180h-019Fh \
  -ASFR4=0200h-021Fh -ASFR5=0280h-029Fh -ASFR6=0300h-031Fh \
  -ASFR7=0380h-03EFh -ASFR8=0400h-046Fh -ASFR9=0480h-04EFh \
  -ASFR10=0500h-056Fh -ASFR11=0580h-05EFh -ASFR12=0600h-066Fh \
  -ASFR13=0680h-06EFh -ASFR14=0700h-076Fh -ASFR15=0780h-07EFh \
  -ASFR16=0800h-086Fh -ASFR17=0880h-08EFh -ASFR18=0900h-096Fh \
  -ASFR19=0980h-09EFh -ASFR20=0A00h-0A6Fh -ASFR21=0A80h-0AEFh \
  -ASFR22=0B00h-0B6Fh -ASFR23=0B80h-0BEFh -ASFR24=0C00h-0C6Fh \
  -ASFR25=0C80h-0CEFh -ASFR26=0D00h-0D6Fh -ASFR27=0D80h-0DEFh \
  -ASFR28=0E00h-0E6Fh -ASFR29=0E80h-0EEFh -ASFR30=0F00h-0F6Fh \
  -ASFR31=0F80h-0FEFh -ACONFIG=08007h-08008h -DCONFIG=2 \
  -AIDLOC=08000h-08003h -DIDLOC=2 -AEEDATA=00h-0FFh/0F000h \
  -peeprom_data=EEDATA -DEEDATA=2 -DCODE=2 -DSTRCODE=2 -DSTRING=2 -DCONST=2 \
  -DENTRY=2 -preset_vec=00h,intentry,sivt,init,end_init -ppowerup=CODE \
  -pcinit=CODE -pfunctab=ENTRY -k \
  C:\Users\t00904\AppData\Local\Temp\xcBshdc.1\driver_tmp_15.o \
  dist/default/production\TY1475_HIGH_TX_V06.X.production.o 

Object code version is 3.11

Machine type is 16F1936



                Name                               Link     Load   Length Selector   Space Scale
C:\Users\t00904\AppData\Local\Temp\xcBshdc.1\driver_tmp_15.o
                end_init                              2        2        2        0       0
                reset_vec                             0        0        2        0       0
                config                             8007     8007        2        0       4
dist/default/production\TY1475_HIGH_TX_V06.X.production.o
                cinit                               7DD      7DD       23      FBA       0
                config                             8007     8007        2        0       4
                text4                               6C3      6C3       47      D86       0
                text3                               644      644       3F      C88       0
                text2                               63D      63D        7      C7A       0
                text1                               753      753       8A      EA6       0
                maintext                            70A      70A       49      E14       0
                cstackCOMMON                         70       70        E       70       1
                clrtext                             631      631        6      C62       0
                inittext                            637      637        6      C6E       0
                dataBANK1                            A0       A0       40       A0       1
                dataBANK0                            3A       3A        4       20       1
                bssBANK0                             20       20       1A       20       1
                idataBANK1                          683      683       40      D06       0
                idataBANK0                          62D      62D        4      C5A       0

TOTAL           Name                               Link     Load   Length     Space
        CLASS   CODE           
                end_init                              2        2        2         0
                cinit                               7DD      7DD       23         0
                reset_vec                             0        0        2         0
                text4                               6C3      6C3       47         0
                text3                               644      644       3F         0
                text2                               63D      63D        7         0
                text1                               753      753       8A         0
                maintext                            70A      70A       49         0
                clrtext                             631      631        6         0
                inittext                            637      637        6         0
                idataBANK1                          683      683       40         0
                idataBANK0                          62D      62D        4         0

        CLASS   STRCODE        

        CLASS   STRING         

        CLASS   CONST          

        CLASS   ENTRY          

        CLASS   COMMON         
                cstackCOMMON                         70       70        E         1

        CLASS   BANK0          
                dataBANK0                            3A       3A        4         1
                bssBANK0                             20       20       1A         1

        CLASS   BANK1          
                dataBANK1                            A0       A0       40         1

        CLASS   BANK2          

        CLASS   BANK3          

        CLASS   BANK4          

        CLASS   BANK5          

        CLASS   BANK6          

        CLASS   BIGRAM         

        CLASS   RAM            

        CLASS   ABS1           
                abs_s1                               7E       7E        2         1

        CLASS   SFR0           

        CLASS   SFR1           

        CLASS   SFR2           

        CLASS   SFR3           

        CLASS   SFR4           

        CLASS   SFR5           

        CLASS   SFR6           

        CLASS   SFR7           

        CLASS   SFR8           

        CLASS   SFR9           

        CLASS   SFR10          

        CLASS   SFR11          

        CLASS   SFR12          

        CLASS   SFR13          

        CLASS   SFR14          

        CLASS   SFR15          

        CLASS   SFR16          

        CLASS   SFR17          

        CLASS   SFR18          

        CLASS   SFR19          

        CLASS   SFR20          

        CLASS   SFR21          

        CLASS   SFR22          

        CLASS   SFR23          

        CLASS   SFR24          

        CLASS   SFR25          

        CLASS   SFR26          

        CLASS   SFR27          

        CLASS   SFR28          

        CLASS   SFR29          

        CLASS   SFR30          

        CLASS   SFR31          

        CLASS   CONFIG         
                config                             8007     8007        2         4

        CLASS   IDLOC          

        CLASS   EEDATA         

        CLASS   BANK31         

        CLASS   BANK30         

        CLASS   BANK29         

        CLASS   BANK28         

        CLASS   BANK27         

        CLASS   BANK26         

        CLASS   BANK25         

        CLASS   BANK24         

        CLASS   BANK23         

        CLASS   BANK22         

        CLASS   BANK21         

        CLASS   BANK20         

        CLASS   BANK19         

        CLASS   BANK18         

        CLASS   BANK17         

        CLASS   BANK16         

        CLASS   BANK15         

        CLASS   BANK14         

        CLASS   BANK13         

        CLASS   BANK12         

        CLASS   BANK11         

        CLASS   BANK10         

        CLASS   BANK9          

        CLASS   BANK8          

        CLASS   BANK7          

        CLASS   HEAP           

        CLASS   STACK          



SEGMENTS        Name                           Load    Length   Top    Selector   Space  Class     Delta

                reset_vec                      000000  000004  000004         0       0  CODE        2
                bssBANK0                       000020  00001E  00003E        20       1  BANK0       1
                cstackCOMMON                   000070  00000E  00007E        70       1  COMMON      1
                dataBANK1                      0000A0  000040  0000E0        A0       1  BANK1       1
                idataBANK0                     00062D  000004  000631       C5A       0  CODE        2
                clrtext                        000631  000006  000637       C62       0  CODE        2
                inittext                       000637  000006  00063D       C6E       0  CODE        2
                text2                          00063D  000007  000644       C7A       0  CODE        2
                text3                          000644  00003F  000683       C88       0  CODE        2
                idataBANK1                     000683  000040  0006C3       D06       0  CODE        2
                text4                          0006C3  000047  00070A       D86       0  CODE        2
                maintext                       00070A  000049  000753       E14       0  CODE        2
                text1                          000753  00008A  0007DD       EA6       0  CODE        2
                cinit                          0007DD  000023  000800       FBA       0  CODE        2


UNUSED ADDRESS RANGES

        Name                Unused          Largest block    Delta
        BANK0            0003E-0006F              32           1
        BANK1            000E0-000EF              10           1
        BANK2            00120-0016F              50           1
        BANK3            001A0-001EF              50           1
        BANK4            00220-0026F              50           1
        BANK5            002A0-002EF              50           1
        BANK6            00320-0032F              10           1
        BIGRAM           02000-021EF             1F0           1
        CODE             00004-0062C             629           2
                         00800-01FFF             800
        CONST            00004-0062C             100           2
                         00800-01FFF             100
        EEDATA           0F000-0F0FF             100           2
        ENTRY            00004-0062C             100           2
                         00800-01FFF             100
        IDLOC            08000-08003               4           2
        RAM              0003E-0006F              32           1
                         000E0-000EF              10
                         00120-0016F              50
                         001A0-001EF              50
                         00220-0026F              50
                         002A0-002EF              50
                         00320-0032F              10
        SFR0             00000-0001F              20           1
        SFR1             00080-0009F              20           1
        SFR10            00500-0056F              70           1
        SFR11            00580-005EF              70           1
        SFR12            00600-0066F              70           1
        SFR13            00680-006EF              70           1
        SFR14            00700-0076F              70           1
        SFR15            00780-007EF              70           1
        SFR16            00800-0086F              70           1
        SFR17            00880-008EF              70           1
        SFR18            00900-0096F              70           1
        SFR19            00980-009EF              70           1
        SFR2             00100-0011F              20           1
        SFR20            00A00-00A6F              70           1
        SFR21            00A80-00AEF              70           1
        SFR22            00B00-00B6F              70           1
        SFR23            00B80-00BEF              70           1
        SFR24            00C00-00C6F              70           1
        SFR25            00C80-00CEF              70           1
        SFR26            00D00-00D6F              70           1
        SFR27            00D80-00DEF              70           1
        SFR28            00E00-00E6F              70           1
        SFR29            00E80-00EEF              70           1
        SFR3             00180-0019F              20           1
        SFR30            00F00-00F6F              70           1
        SFR31            00F80-00FEF              70           1
        SFR4             00200-0021F              20           1
        SFR5             00280-0029F              20           1
        SFR6             00300-0031F              20           1
        SFR7             00380-003EF              70           1
        SFR8             00400-0046F              70           1
        SFR9             00480-004EF              70           1
        STRCODE          00004-0062C             629           2
                         00800-01FFF            1800
        STRING           00004-0062C             100           2
                         00800-01FFF             100

                                  Symbol Table

PWM@Dbit                             cstackCOMMON 00071
PWM@i                                cstackCOMMON 0007A
PWM@i_203                            cstackCOMMON 00079
PWM@num                              cstackCOMMON 0007B
_ANSELA                              (abs)        0018C
_ANSELB                              (abs)        0018D
_CCP3CON                             (abs)        00313
_CCP3SEL                             (abs)        008EE
_CCPR3L                              (abs)        00311
_CS                                  dataBANK1    000A0
_Check_Input                         text4        006C3
_D2                                  bssBANK0     00039
_D3                                  bssBANK0     00038
_Hardware_Init                       text3        00644
_LATA                                (abs)        0010C
_LATB                                (abs)        0010D
_LATC                                (abs)        0010E
_LATE                                (abs)        00110
_OSCCON                              (abs)        00099
_OSCTUNE                             (abs)        00098
_PORTA                               (abs)        0000C
_PORTAbits                           (abs)        0000C
_PORTB                               (abs)        0000D
_PORTBbits                           (abs)        0000D
_PORTC                               (abs)        0000E
_PORTCbits                           (abs)        0000E
_PORTE                               (abs)        00010
_PR2                                 (abs)        0001B
_PWM                                 text1        00753
_T2CKPS0                             (abs)        000E0
_T2CKPS1                             (abs)        000E1
_TMR2IF                              (abs)        00089
_TMR2ON                              (abs)        000E2
_TRISA                               (abs)        0008C
_TRISB                               (abs)        0008D
_TRISC                               (abs)        0008E
_TRISE                               (abs)        00090
__H__absolute__                      __absolute__ 00000
__Habs1                              abs1         00000
__Hbank0                             bank0        00000
__Hbank1                             bank1        00000
__Hbank10                            bank10       00000
__Hbank11                            bank11       00000
__Hbank12                            bank12       00000
__Hbank13                            bank13       00000
__Hbank14                            bank14       00000
__Hbank15                            bank15       00000
__Hbank16                            bank16       00000
__Hbank17                            bank17       00000
__Hbank18                            bank18       00000
__Hbank19                            bank19       00000
__Hbank2                             bank2        00000
__Hbank20                            bank20       00000
__Hbank21                            bank21       00000
__Hbank22                            bank22       00000
__Hbank23                            bank23       00000
__Hbank24                            bank24       00000
__Hbank25                            bank25       00000
__Hbank26                            bank26       00000
__Hbank27                            bank27       00000
__Hbank28                            bank28       00000
__Hbank29                            bank29       00000
__Hbank3                             bank3        00000
__Hbank30                            bank30       00000
__Hbank31                            bank31       00000
__Hbank4                             bank4        00000
__Hbank5                             bank5        00000
__Hbank6                             bank6        00000
__Hbank7                             bank7        00000
__Hbank8                             bank8        00000
__Hbank9                             bank9        00000
__Hbigram                            bigram       00000
__HbssBANK0                          bssBANK0     00000
__Hcinit                             cinit        00800
__Hclrtext                           clrtext      00000
__Hcode                              code         00000
__Hcommon                            common       00000
__Hconfig                            config       08009
__HcstackCOMMON                      cstackCOMMON 00000
__HdataBANK0                         dataBANK0    00000
__HdataBANK1                         dataBANK1    00000
__Heeprom_data                       eeprom_data  00000
__Hend_init                          end_init     00004
__Hfunctab                           functab      00000
__Hheap                              heap         00000
__HidataBANK0                        idataBANK0   00000
__HidataBANK1                        idataBANK1   00000
__Hinit                              init         00002
__Hinittext                          inittext     00000
__Hintentry                          intentry     00002
__Hmaintext                          maintext     00000
__Hpowerup                           powerup      00000
__Hram                               ram          00000
__Hreset_vec                         reset_vec    00002
__Hsfr0                              sfr0         00000
__Hsfr1                              sfr1         00000
__Hsfr10                             sfr10        00000
__Hsfr11                             sfr11        00000
__Hsfr12                             sfr12        00000
__Hsfr13                             sfr13        00000
__Hsfr14                             sfr14        00000
__Hsfr15                             sfr15        00000
__Hsfr16                             sfr16        00000
__Hsfr17                             sfr17        00000
__Hsfr18                             sfr18        00000
__Hsfr19                             sfr19        00000
__Hsfr2                              sfr2         00000
__Hsfr20                             sfr20        00000
__Hsfr21                             sfr21        00000
__Hsfr22                             sfr22        00000
__Hsfr23                             sfr23        00000
__Hsfr24                             sfr24        00000
__Hsfr25                             sfr25        00000
__Hsfr26                             sfr26        00000
__Hsfr27                             sfr27        00000
__Hsfr28                             sfr28        00000
__Hsfr29                             sfr29        00000
__Hsfr3                              sfr3         00000
__Hsfr30                             sfr30        00000
__Hsfr31                             sfr31        00000
__Hsfr4                              sfr4         00000
__Hsfr5                              sfr5         00000
__Hsfr6                              sfr6         00000
__Hsfr7                              sfr7         00000
__Hsfr8                              sfr8         00000
__Hsfr9                              sfr9         00000
__Hsivt                              sivt         00002
__Hspace_0                           (abs)        00800
__Hspace_1                           (abs)        000E0
__Hspace_2                           (abs)        00000
__Hspace_3                           (abs)        00000
__Hspace_4                           (abs)        10010
__Hstack                             stack        00000
__Hstrings                           strings      00000
__Htext                              text         00000
__L__absolute__                      __absolute__ 00000
__Labs1                              abs1         00000
__Lbank0                             bank0        00000
__Lbank1                             bank1        00000
__Lbank10                            bank10       00000
__Lbank11                            bank11       00000
__Lbank12                            bank12       00000
__Lbank13                            bank13       00000
__Lbank14                            bank14       00000
__Lbank15                            bank15       00000
__Lbank16                            bank16       00000
__Lbank17                            bank17       00000
__Lbank18                            bank18       00000
__Lbank19                            bank19       00000
__Lbank2                             bank2        00000
__Lbank20                            bank20       00000
__Lbank21                            bank21       00000
__Lbank22                            bank22       00000
__Lbank23                            bank23       00000
__Lbank24                            bank24       00000
__Lbank25                            bank25       00000
__Lbank26                            bank26       00000
__Lbank27                            bank27       00000
__Lbank28                            bank28       00000
__Lbank29                            bank29       00000
__Lbank3                             bank3        00000
__Lbank30                            bank30       00000
__Lbank31                            bank31       00000
__Lbank4                             bank4        00000
__Lbank5                             bank5        00000
__Lbank6                             bank6        00000
__Lbank7                             bank7        00000
__Lbank8                             bank8        00000
__Lbank9                             bank9        00000
__Lbigram                            bigram       00000
__LbssBANK0                          bssBANK0     00000
__Lcinit                             cinit        007DD
__Lclrtext                           clrtext      00000
__Lcode                              code         00000
__Lcommon                            common       00000
__Lconfig                            config       00000
__LcstackCOMMON                      cstackCOMMON 00000
__LdataBANK0                         dataBANK0    00000
__LdataBANK1                         dataBANK1    00000
__Leeprom_data                       eeprom_data  00000
__Lend_init                          end_init     00002
__Lfunctab                           functab      00000
__Lheap                              heap         00000
__LidataBANK0                        idataBANK0   00000
__LidataBANK1                        idataBANK1   00000
__Linit                              init         00002
__Linittext                          inittext     00000
__Lintentry                          intentry     00002
__Lmaintext                          maintext     00000
__Lpowerup                           powerup      00000
__Lram                               ram          00000
__Lreset_vec                         reset_vec    00000
__Lsfr0                              sfr0         00000
__Lsfr1                              sfr1         00000
__Lsfr10                             sfr10        00000
__Lsfr11                             sfr11        00000
__Lsfr12                             sfr12        00000
__Lsfr13                             sfr13        00000
__Lsfr14                             sfr14        00000
__Lsfr15                             sfr15        00000
__Lsfr16                             sfr16        00000
__Lsfr17                             sfr17        00000
__Lsfr18                             sfr18        00000
__Lsfr19                             sfr19        00000
__Lsfr2                              sfr2         00000
__Lsfr20                             sfr20        00000
__Lsfr21                             sfr21        00000
__Lsfr22                             sfr22        00000
__Lsfr23                             sfr23        00000
__Lsfr24                             sfr24        00000
__Lsfr25                             sfr25        00000
__Lsfr26                             sfr26        00000
__Lsfr27                             sfr27        00000
__Lsfr28                             sfr28        00000
__Lsfr29                             sfr29        00000
__Lsfr3                              sfr3         00000
__Lsfr30                             sfr30        00000
__Lsfr31                             sfr31        00000
__Lsfr4                              sfr4         00000
__Lsfr5                              sfr5         00000
__Lsfr6                              sfr6         00000
__Lsfr7                              sfr7         00000
__Lsfr8                              sfr8         00000
__Lsfr9                              sfr9         00000
__Lsivt                              sivt         00002
__Lspace_0                           (abs)        00000
__Lspace_1                           (abs)        00000
__Lspace_2                           (abs)        00000
__Lspace_3                           (abs)        00000
__Lspace_4                           (abs)        00000
__Lstack                             stack        00000
__Lstrings                           strings      00000
__Ltext                              text         00000
__S0                                 (abs)        00800
__S1                                 (abs)        000E0
__S3                                 (abs)        00000
___heap_hi                           (abs)        00000
___heap_lo                           (abs)        00000
___int_sp                            stack        00000
___int_stack_hi                      stack        00000
___int_stack_lo                      stack        00000
___latbits                           (abs)        00002
___sp                                stack        00000
___stack_hi                          stack        00000
___stack_lo                          stack        00000
___stackhi                           (abs)        00000
___stacklo                           (abs)        00000
__end_of_Check_Input                 text4        0070A
__end_of_Hardware_Init               text3        00683
__end_of_PWM                         text1        007DD
__end_of__initialization             cinit        007FD
__end_of_main                        maintext     00753
__end_of_wait_for_pwm_cycle_complete text2        00644
__initialization                     cinit        007DD
__pbssBANK0                          bssBANK0     00020
__pcstackCOMMON                      cstackCOMMON 00070
__pdataBANK0                         dataBANK0    0003A
__pdataBANK1                         dataBANK1    000A0
__pidataBANK0                        idataBANK0   0062D
__pidataBANK1                        idataBANK1   00683
__pmaintext                          maintext     0070A
__ptext1                             text1        00753
__ptext2                             text2        0063D
__ptext3                             text3        00644
__ptext4                             text4        006C3
_csFlag                              bssBANK0     00037
_fException                          bssBANK0     00036
_main                                maintext     0070A
_tx_Data                             bssBANK0     00020
_wait_for_pwm_cycle_complete         text2        0063D
btemp                                (abs)        0007E
clear_ram0                           clrtext      00631
end_of_initialization                cinit        007FD
init_ram                             inittext     00637
intlevel0                            functab      00000
intlevel1                            functab      00000
intlevel2                            functab      00000
intlevel3                            functab      00000
intlevel4                            functab      00000
intlevel5                            functab      00000
main@i                               cstackCOMMON 0007D
reset_vec                            reset_vec    00000
start                                init         00002
start_initialization                 cinit        007DD
wtemp0                               (abs)        0007E


MODULE INFORMATION

Module		Function		Class		Link	Load	Size
shared
		__initialization		CODE           	07DD	0000	32

shared estimated size: 32

main.c
		_PWM           		CODE           	0753	0000	138
		_Check_Input   		CODE           	06C3	0000	71
		_main          		CODE           	070A	0000	73
		_wait_for_pwm_cycle_complete		CODE           	063D	0000	7
		_Hardware_Init 		CODE           	0644	0000	63

main.c estimated size: 352

